V3 9
FL C:/Users/alber/Documentos/P7_FC/PRACTICA_7/PRACTICA_7.vhd 2022/01/09.22:16:19 P.20131013
FL C:/Users/alber/Documentos/P7_FC/PRACTICA_7/SISTEMACOMPLETO.vhd 2022/01/09.21:40:26 P.20131013
FL C:/Users/pablo/OneDrive/Escritorio/P7_FC/PRACTICA_7/PRACTICA_7.vhd 2022/01/10.00:25:42 P.20131013
EN work/PRACTICA_7 1641771120 \
      FL C:/Users/pablo/OneDrive/Escritorio/P7_FC/PRACTICA_7/PRACTICA_7.vhd \
      PB ieee/std_logic_1164 1381692176
AR work/PRACTICA_7/Behavioral 1641771121 \
      FL C:/Users/pablo/OneDrive/Escritorio/P7_FC/PRACTICA_7/PRACTICA_7.vhd \
      EN work/PRACTICA_7 1641771120
FL C:/Users/pablo/OneDrive/Escritorio/P7_FC/PRACTICA_7/SISTEMACOMPLETO.vhd 2022/01/10.00:25:42 P.20131013
EN work/SISTEMACOMPLETO 1641771122 \
      FL C:/Users/pablo/OneDrive/Escritorio/P7_FC/PRACTICA_7/SISTEMACOMPLETO.vhd \
      PB ieee/std_logic_1164 1381692176
AR work/SISTEMACOMPLETO/Behavioral 1641771123 \
      FL C:/Users/pablo/OneDrive/Escritorio/P7_FC/PRACTICA_7/SISTEMACOMPLETO.vhd \
      EN work/SISTEMACOMPLETO 1641771122 CP PRACTICA_7
