V3 6
FL C:/Users/Digitales/Desktop/Practica5FC/FCP5.vhd 2021/12/13.13:12:25 P.20131013
EN work/FC_P5 1639397547 FL C:/Users/Digitales/Desktop/Practica5FC/FCP5.vhd \
      PB ieee/std_logic_1164 1381692176 PB ieee/STD_LOGIC_UNSIGNED 1381692179
AR work/FC_P5/Behavioral 1639397548 \
      FL C:/Users/Digitales/Desktop/Practica5FC/FCP5.vhd EN work/FC_P5 1639397547
FL "C:/Users/Usuario/OneDrive/Escritorio/Practicas FC/Practica5FC/FCP5.vhd" 2021/12/08.17:42:53 P.20131013
FL "C:/Users/Usuario/OneDrive/Escritorio/Practicas FC/Practica5FC/FC_P5.vhd" 2021/12/08.17:25:57 P.20131013
FL "D:/Practicas FC/Practica5FC/FCP5.vhd" 2021/12/09.12:14:34 P.20131013
