#-----------------------------------------------------------
# PlanAhead v14.7 (64-bit)
# Build 321239 by xbuild on Fri Sep 27 19:29:51 MDT 2013
# Start of session at: Mon Jan 10 00:33:21 2022
# Process ID: 25916
# Log file: C:/Users/pablo/OneDrive/Escritorio/P7_FC/PRACTICA_7/planAhead_run_1/planAhead.log
# Journal file: C:/Users/pablo/OneDrive/Escritorio/P7_FC/PRACTICA_7/planAhead_run_1/planAhead.jou
#-----------------------------------------------------------
start_gui
source C:/Users/pablo/OneDrive/Escritorio/P7_FC/PRACTICA_7/pa.fromNetlist.tcl
set_property package_pin "" [get_ports [list  {Q[0]}]]
set_property package_pin "" [get_ports [list  {Q[1]}]]
set_property package_pin "" [get_ports [list  {Q[1]}]]
startgroup
set_property package_pin D11 [get_ports {Q[0]}]
endgroup
startgroup
set_property package_pin E9 [get_ports {Q[1]}]
endgroup
startgroup
set_property package_pin D18 [get_ports RESET]
endgroup
startgroup
set_property package_pin K17 [get_ports CLK_CR]
endgroup
startgroup
set_property package_pin F12 [get_ports S]
endgroup
startgroup
set_property package_pin L13 [get_ports E]
endgroup
startgroup
set_property package_pin C9 [get_ports CLK_50MHZ]
endgroup
save_constraints
