EN practica_7 NULL C:/Users/pablo/OneDrive/Escritorio/P7_FC/PRACTICA_7/PRACTICA_7.vhd sub00/vhpl00 1641771120
AR practica_7 behavioral C:/Users/pablo/OneDrive/Escritorio/P7_FC/PRACTICA_7/PRACTICA_7.vhd sub00/vhpl01 1641771121
AR sistemacompleto behavioral C:/Users/pablo/OneDrive/Escritorio/P7_FC/PRACTICA_7/SISTEMACOMPLETO.vhd sub00/vhpl03 1641771123
EN sistemacompleto NULL C:/Users/pablo/OneDrive/Escritorio/P7_FC/PRACTICA_7/SISTEMACOMPLETO.vhd sub00/vhpl02 1641771122
